Run root: /users/sgsrehm1/COMP702_BeyondAF/code/COMP390_code/Result/2olo_minhao_relaxed_100_20260716_113129
Repeats: 100
Checkpoint: /users/sgsrehm1/COMP702_BeyondAF/code/COMP390_code/checkpoints/run_subset_gpu32_h100_ep33/csv_logs/version_0/checkpoints/32-330000.ckpt
[Thu 16 Jul 11:31:49 BST 2026] Repeat 1/100, seed 1001
[Thu 16 Jul 11:32:48 BST 2026] Repeat 2/100, seed 1002
[Thu 16 Jul 11:33:39 BST 2026] Repeat 3/100, seed 1003
[Thu 16 Jul 11:34:19 BST 2026] Repeat 4/100, seed 1004
[Thu 16 Jul 11:36:10 BST 2026] Repeat 5/100, seed 1005
[Thu 16 Jul 11:36:51 BST 2026] Repeat 6/100, seed 1006
[Thu 16 Jul 11:37:43 BST 2026] Repeat 7/100, seed 1007
[Thu 16 Jul 11:39:44 BST 2026] Repeat 8/100, seed 1008
[Thu 16 Jul 11:41:32 BST 2026] Repeat 9/100, seed 1009
[Thu 16 Jul 11:42:13 BST 2026] Repeat 10/100, seed 1010
[Thu 16 Jul 11:44:11 BST 2026] Repeat 11/100, seed 1011
[Thu 16 Jul 11:46:00 BST 2026] Repeat 12/100, seed 1012
[Thu 16 Jul 11:47:57 BST 2026] Repeat 13/100, seed 1013
[Thu 16 Jul 11:48:49 BST 2026] Repeat 14/100, seed 1014
[Thu 16 Jul 11:50:37 BST 2026] Repeat 15/100, seed 1015
[Thu 16 Jul 11:52:30 BST 2026] Repeat 16/100, seed 1016
[Thu 16 Jul 11:53:23 BST 2026] Repeat 17/100, seed 1017
[Thu 16 Jul 11:55:11 BST 2026] Repeat 18/100, seed 1018
[Thu 16 Jul 11:57:01 BST 2026] Repeat 19/100, seed 1019
[Thu 16 Jul 11:57:56 BST 2026] Repeat 20/100, seed 1020
[Thu 16 Jul 11:59:52 BST 2026] Repeat 21/100, seed 1021
[Thu 16 Jul 12:00:32 BST 2026] Repeat 22/100, seed 1022
[Thu 16 Jul 12:02:25 BST 2026] Repeat 23/100, seed 1023
[Thu 16 Jul 12:03:17 BST 2026] Repeat 24/100, seed 1024
[Thu 16 Jul 12:05:06 BST 2026] Repeat 25/100, seed 1025
[Thu 16 Jul 12:05:50 BST 2026] Repeat 26/100, seed 1026
[Thu 16 Jul 12:07:45 BST 2026] Repeat 27/100, seed 1027
[Thu 16 Jul 12:08:36 BST 2026] Repeat 28/100, seed 1028
[Thu 16 Jul 12:10:25 BST 2026] Repeat 29/100, seed 1029
[Thu 16 Jul 12:12:18 BST 2026] Repeat 30/100, seed 1030
[Thu 16 Jul 12:14:18 BST 2026] Repeat 31/100, seed 1031
[Thu 16 Jul 12:14:58 BST 2026] Repeat 32/100, seed 1032
[Thu 16 Jul 12:16:48 BST 2026] Repeat 33/100, seed 1033
[Thu 16 Jul 12:18:51 BST 2026] Repeat 34/100, seed 1034
[Thu 16 Jul 12:20:41 BST 2026] Repeat 35/100, seed 1035
[Thu 16 Jul 12:22:35 BST 2026] Repeat 36/100, seed 1036
[Thu 16 Jul 12:24:34 BST 2026] Repeat 37/100, seed 1037
[Thu 16 Jul 12:26:23 BST 2026] Repeat 38/100, seed 1038
[Thu 16 Jul 12:28:18 BST 2026] Repeat 39/100, seed 1039
[Thu 16 Jul 12:30:06 BST 2026] Repeat 40/100, seed 1040
[Thu 16 Jul 12:32:01 BST 2026] Repeat 41/100, seed 1041
[Thu 16 Jul 12:34:04 BST 2026] Repeat 42/100, seed 1042
[Thu 16 Jul 12:35:53 BST 2026] Repeat 43/100, seed 1043
[Thu 16 Jul 12:37:49 BST 2026] Repeat 44/100, seed 1044
[Thu 16 Jul 12:39:49 BST 2026] Repeat 45/100, seed 1045
[Thu 16 Jul 12:41:38 BST 2026] Repeat 46/100, seed 1046
[Thu 16 Jul 12:43:43 BST 2026] Repeat 47/100, seed 1047
[Thu 16 Jul 12:44:23 BST 2026] Repeat 48/100, seed 1048
[Thu 16 Jul 12:45:03 BST 2026] Repeat 49/100, seed 1049
[Thu 16 Jul 12:46:54 BST 2026] Repeat 50/100, seed 1050
[Thu 16 Jul 12:48:59 BST 2026] Repeat 51/100, seed 1051
[Thu 16 Jul 12:50:50 BST 2026] Repeat 52/100, seed 1052
[Thu 16 Jul 12:52:44 BST 2026] Repeat 53/100, seed 1053
[Thu 16 Jul 12:54:47 BST 2026] Repeat 54/100, seed 1054
[Thu 16 Jul 12:56:38 BST 2026] Repeat 55/100, seed 1055
[Thu 16 Jul 12:57:36 BST 2026] Repeat 56/100, seed 1056
[Thu 16 Jul 12:58:29 BST 2026] Repeat 57/100, seed 1057
[Thu 16 Jul 13:00:18 BST 2026] Repeat 58/100, seed 1058
[Thu 16 Jul 13:02:09 BST 2026] Repeat 59/100, seed 1059
[Thu 16 Jul 13:03:02 BST 2026] Repeat 60/100, seed 1060
[Thu 16 Jul 13:03:46 BST 2026] Repeat 61/100, seed 1061
[Thu 16 Jul 13:05:37 BST 2026] Repeat 62/100, seed 1062
[Thu 16 Jul 13:07:30 BST 2026] Repeat 63/100, seed 1063
[Thu 16 Jul 13:09:28 BST 2026] Repeat 64/100, seed 1064
[Thu 16 Jul 13:11:18 BST 2026] Repeat 65/100, seed 1065
[Thu 16 Jul 13:12:04 BST 2026] Repeat 66/100, seed 1066
[Thu 16 Jul 13:14:01 BST 2026] Repeat 67/100, seed 1067
[Thu 16 Jul 13:15:09 BST 2026] Repeat 68/100, seed 1068
[Thu 16 Jul 13:15:58 BST 2026] Repeat 69/100, seed 1069
[Thu 16 Jul 13:16:38 BST 2026] Repeat 70/100, seed 1070
[Thu 16 Jul 13:17:39 BST 2026] Repeat 71/100, seed 1071
[Thu 16 Jul 13:19:41 BST 2026] Repeat 72/100, seed 1072
[Thu 16 Jul 13:21:32 BST 2026] Repeat 73/100, seed 1073
[Thu 16 Jul 13:23:27 BST 2026] Repeat 74/100, seed 1074
[Thu 16 Jul 13:24:12 BST 2026] Repeat 75/100, seed 1075
[Thu 16 Jul 13:26:01 BST 2026] Repeat 76/100, seed 1076
[Thu 16 Jul 13:26:46 BST 2026] Repeat 77/100, seed 1077
[Thu 16 Jul 13:28:47 BST 2026] Repeat 78/100, seed 1078
[Thu 16 Jul 13:29:27 BST 2026] Repeat 79/100, seed 1079
[Thu 16 Jul 13:30:14 BST 2026] Repeat 80/100, seed 1080
[Thu 16 Jul 13:32:07 BST 2026] Repeat 81/100, seed 1081
[Thu 16 Jul 13:34:09 BST 2026] Repeat 82/100, seed 1082
[Thu 16 Jul 13:35:57 BST 2026] Repeat 83/100, seed 1083
[Thu 16 Jul 13:37:53 BST 2026] Repeat 84/100, seed 1084
[Thu 16 Jul 13:38:50 BST 2026] Repeat 85/100, seed 1085
[Thu 16 Jul 13:40:40 BST 2026] Repeat 86/100, seed 1086
[Thu 16 Jul 13:41:21 BST 2026] Repeat 87/100, seed 1087
[Thu 16 Jul 13:43:15 BST 2026] Repeat 88/100, seed 1088
[Thu 16 Jul 13:45:04 BST 2026] Repeat 89/100, seed 1089
[Thu 16 Jul 13:46:55 BST 2026] Repeat 90/100, seed 1090
[Thu 16 Jul 13:47:50 BST 2026] Repeat 91/100, seed 1091
[Thu 16 Jul 13:49:47 BST 2026] Repeat 92/100, seed 1092
[Thu 16 Jul 13:50:31 BST 2026] Repeat 93/100, seed 1093
[Thu 16 Jul 13:52:26 BST 2026] Repeat 94/100, seed 1094
[Thu 16 Jul 13:54:27 BST 2026] Repeat 95/100, seed 1095
[Thu 16 Jul 13:55:11 BST 2026] Repeat 96/100, seed 1096
[Thu 16 Jul 13:57:01 BST 2026] Repeat 97/100, seed 1097
[Thu 16 Jul 13:59:03 BST 2026] Repeat 98/100, seed 1098
[Thu 16 Jul 14:00:57 BST 2026] Repeat 99/100, seed 1099
[Thu 16 Jul 14:02:55 BST 2026] Repeat 100/100, seed 1100
[Thu 16 Jul 14:03:50 BST 2026] Finished all 100 repeats
PDB count:
200
