INFO:/users/sgsrehm1/COMP702_BeyondAF/code/COMP390_code/openfold/openfold/utils/script_utils.py:Successfully loaded JAX parameters at /users/sgsrehm1/COMP702_BeyondAF/code/COMP390_code/openfold/openfold/resources/params/params_model_1.npz...
INFO:/users/sgsrehm1/COMP702_BeyondAF/code/COMP390_code/openfold/run_pretrained_openfold.py:Using precomputed alignments for 2olo_A at /users/sgsrehm1/COMP702_BeyondAF/code/COMP390_code/demo_single_2olo/alignments_cf...
INFO:/users/sgsrehm1/COMP702_BeyondAF/code/COMP390_code/openfold/openfold/utils/script_utils.py:Running inference for 2olo_A...
INFO:/users/sgsrehm1/COMP702_BeyondAF/code/COMP390_code/openfold/openfold/utils/script_utils.py:Inference time: 13.398144530132413
/users/sgsrehm1/COMP702_BeyondAF/code/COMP390_code/openfold/run_pretrained_openfold.py:351: DeprecationWarning: __array__ implementation doesn't accept a copy keyword, so passing copy=False failed. __array__ must implement 'dtype' and 'copy' keyword arguments. To learn more, see the migration guide https://numpy.org/devdocs/numpy_2_0_migration_guide.html#adapting-to-changes-in-the-copy-keyword
  lambda x: np.array(x[..., -1].cpu()),
/users/sgsrehm1/COMP702_BeyondAF/code/COMP390_code/openfold/run_pretrained_openfold.py:354: DeprecationWarning: __array__ implementation doesn't accept a copy keyword, so passing copy=False failed. __array__ must implement 'dtype' and 'copy' keyword arguments. To learn more, see the migration guide https://numpy.org/devdocs/numpy_2_0_migration_guide.html#adapting-to-changes-in-the-copy-keyword
  out = tensor_tree_map(lambda x: np.array(x.cpu()), out)
INFO:/users/sgsrehm1/COMP702_BeyondAF/code/COMP390_code/openfold/run_pretrained_openfold.py:Output written to /users/sgsrehm1/COMP702_BeyondAF/code/COMP390_code/Result/smoke_2olo_3models_20260714_151845/alphafold_params/repeat_1/predictions/2olo_A_model_1_unrelaxed.pdb...
/users/sgsrehm1/COMP702_BeyondAF/code/COMP390_code/openfold/openfold/utils/script_utils.py:131: FutureWarning: You are using `torch.load` with `weights_only=False` (the current default value), which uses the default pickle module implicitly. It is possible to construct malicious pickle data which will execute arbitrary code during unpickling (See https://github.com/pytorch/pytorch/blob/main/SECURITY.md#untrusted-models for more details). In a future release, the default value for `weights_only` will be flipped to `True`. This limits the functions that could be executed during unpickling. Arbitrary objects will no longer be allowed to be loaded via this mode unless they are explicitly allowlisted by the user via `torch.serialization.add_safe_globals`. We recommend you start setting `weights_only=True` for any use case where you don't have full control of the loaded file. Please open an issue on GitHub for any issues related to this experimental feature.
  d = torch.load(ckpt_path)
INFO:/users/sgsrehm1/COMP702_BeyondAF/code/COMP390_code/openfold/openfold/utils/script_utils.py:Loaded OpenFold parameters at /users/sgsrehm1/COMP702_BeyondAF/code/COMP390_code/openfold/openfold/resources/openfold_params/finetuning_2.pt...
INFO:/users/sgsrehm1/COMP702_BeyondAF/code/COMP390_code/openfold/run_pretrained_openfold.py:Using precomputed alignments for 2olo_A at /users/sgsrehm1/COMP702_BeyondAF/code/COMP390_code/demo_single_2olo/alignments_cf...
INFO:/users/sgsrehm1/COMP702_BeyondAF/code/COMP390_code/openfold/openfold/utils/script_utils.py:Running inference for 2olo_A...
INFO:/users/sgsrehm1/COMP702_BeyondAF/code/COMP390_code/openfold/openfold/utils/script_utils.py:Inference time: 13.412779804319143
/users/sgsrehm1/COMP702_BeyondAF/code/COMP390_code/openfold/run_pretrained_openfold.py:351: DeprecationWarning: __array__ implementation doesn't accept a copy keyword, so passing copy=False failed. __array__ must implement 'dtype' and 'copy' keyword arguments. To learn more, see the migration guide https://numpy.org/devdocs/numpy_2_0_migration_guide.html#adapting-to-changes-in-the-copy-keyword
  lambda x: np.array(x[..., -1].cpu()),
/users/sgsrehm1/COMP702_BeyondAF/code/COMP390_code/openfold/run_pretrained_openfold.py:354: DeprecationWarning: __array__ implementation doesn't accept a copy keyword, so passing copy=False failed. __array__ must implement 'dtype' and 'copy' keyword arguments. To learn more, see the migration guide https://numpy.org/devdocs/numpy_2_0_migration_guide.html#adapting-to-changes-in-the-copy-keyword
  out = tensor_tree_map(lambda x: np.array(x.cpu()), out)
INFO:/users/sgsrehm1/COMP702_BeyondAF/code/COMP390_code/openfold/run_pretrained_openfold.py:Output written to /users/sgsrehm1/COMP702_BeyondAF/code/COMP390_code/Result/smoke_2olo_3models_20260714_151845/openfold_official/repeat_1/predictions/2olo_A_model_1_unrelaxed.pdb...
/users/sgsrehm1/COMP702_BeyondAF/code/COMP390_code/openfold/openfold/utils/script_utils.py:131: FutureWarning: You are using `torch.load` with `weights_only=False` (the current default value), which uses the default pickle module implicitly. It is possible to construct malicious pickle data which will execute arbitrary code during unpickling (See https://github.com/pytorch/pytorch/blob/main/SECURITY.md#untrusted-models for more details). In a future release, the default value for `weights_only` will be flipped to `True`. This limits the functions that could be executed during unpickling. Arbitrary objects will no longer be allowed to be loaded via this mode unless they are explicitly allowlisted by the user via `torch.serialization.add_safe_globals`. We recommend you start setting `weights_only=True` for any use case where you don't have full control of the loaded file. Please open an issue on GitHub for any issues related to this experimental feature.
  d = torch.load(ckpt_path)
INFO:/users/sgsrehm1/COMP702_BeyondAF/code/COMP390_code/openfold/openfold/utils/script_utils.py:Loaded OpenFold parameters at /users/sgsrehm1/COMP702_BeyondAF/code/COMP390_code/checkpoints/run_subset_gpu32_h100_ep33/csv_logs/version_0/checkpoints/32-330000.ckpt...
INFO:/users/sgsrehm1/COMP702_BeyondAF/code/COMP390_code/openfold/run_pretrained_openfold.py:Using precomputed alignments for 2olo_A at /users/sgsrehm1/COMP702_BeyondAF/code/COMP390_code/demo_single_2olo/alignments_cf...
INFO:/users/sgsrehm1/COMP702_BeyondAF/code/COMP390_code/openfold/openfold/utils/script_utils.py:Running inference for 2olo_A...
INFO:/users/sgsrehm1/COMP702_BeyondAF/code/COMP390_code/openfold/openfold/utils/script_utils.py:Inference time: 13.418487175367773
/users/sgsrehm1/COMP702_BeyondAF/code/COMP390_code/openfold/run_pretrained_openfold.py:351: DeprecationWarning: __array__ implementation doesn't accept a copy keyword, so passing copy=False failed. __array__ must implement 'dtype' and 'copy' keyword arguments. To learn more, see the migration guide https://numpy.org/devdocs/numpy_2_0_migration_guide.html#adapting-to-changes-in-the-copy-keyword
  lambda x: np.array(x[..., -1].cpu()),
/users/sgsrehm1/COMP702_BeyondAF/code/COMP390_code/openfold/run_pretrained_openfold.py:354: DeprecationWarning: __array__ implementation doesn't accept a copy keyword, so passing copy=False failed. __array__ must implement 'dtype' and 'copy' keyword arguments. To learn more, see the migration guide https://numpy.org/devdocs/numpy_2_0_migration_guide.html#adapting-to-changes-in-the-copy-keyword
  out = tensor_tree_map(lambda x: np.array(x.cpu()), out)
INFO:/users/sgsrehm1/COMP702_BeyondAF/code/COMP390_code/openfold/run_pretrained_openfold.py:Output written to /users/sgsrehm1/COMP702_BeyondAF/code/COMP390_code/Result/smoke_2olo_3models_20260714_151845/trained_model_epoch_32/repeat_1/predictions/2olo_A_model_1_unrelaxed.pdb...
